// Jest Snapshot v1, https://goo.gl/fbAQLP

exports[`renders correctly 1`] = `
<input
  class="search-input"
  id="search"
  placeholder="Search..."
  type="text"
  value="example"
/>
`;
